[themes.pixelstrap.com/friendbook/html/index.html]
[backblue.gif]
[fade.gif]
[index.html]
[themes.pixelstrap.com/friendbook/assets/images/favicon.png]
[themes.pixelstrap.com/friendbook/assets/images/icon/logo.png]
[themes.pixelstrap.com/friendbook/assets/images/user-sm/5.jpg]
[themes.pixelstrap.com/friendbook/assets/images/user-sm/6.jpg]
[themes.pixelstrap.com/friendbook/assets/images/user-sm/7.jpg]
[themes.pixelstrap.com/friendbook/assets/images/user-sm/2.jpg]
[themes.pixelstrap.com/friendbook/html/messanger.html]
[themes.pixelstrap.com/friendbook/assets/images/user-sm/1.jpg]
[themes.pixelstrap.com/friendbook/assets/images/user-sm/3.jpg]
[themes.pixelstrap.com/friendbook/html/single-page.html]
[themes.pixelstrap.com/friendbook/html/music.html]
[themes.pixelstrap.com/friendbook/html/weather.html]
[themes.pixelstrap.com/friendbook/html/event.html]
[themes.pixelstrap.com/friendbook/html/games.html]
[themes.pixelstrap.com/friendbook/html/profile.html]
[themes.pixelstrap.com/friendbook/html/settings.html]
[themes.pixelstrap.com/friendbook/html/help-support.html]
[themes.pixelstrap.com/friendbook/html/login.html]
[themes.pixelstrap.com/friendbook/html/birthday.html]
[themes.pixelstrap.com/friendbook/assets/images/icon/game/1.jpg]
[themes.pixelstrap.com/friendbook/assets/images/icon/game/2.jpg]
[themes.pixelstrap.com/friendbook/assets/images/icon/game/3.jpg]
[themes.pixelstrap.com/friendbook/assets/images/user-sm/9.jpg]
[themes.pixelstrap.com/friendbook/assets/images/user-sm/12.jpg]
[themes.pixelstrap.com/friendbook/assets/images/user-sm/15.jpg]
[themes.pixelstrap.com/friendbook/assets/images/icon/game/4.jpg]
[themes.pixelstrap.com/friendbook/assets/images/story-bg.jpg]
[themes.pixelstrap.com/friendbook/assets/images/icon/plus.png]
[themes.pixelstrap.com/friendbook/assets/images/story/6.jpg]
[themes.pixelstrap.com/friendbook/assets/images/story/2.jpg]
[themes.pixelstrap.com/friendbook/assets/images/story/1.jpg]
[themes.pixelstrap.com/friendbook/assets/images/story/3.jpg]
[themes.pixelstrap.com/friendbook/assets/images/story/5.jpg]
[themes.pixelstrap.com/friendbook/assets/images/story/4.jpg]
[themes.pixelstrap.com/friendbook/assets/images/story/7.jpg]
[themes.pixelstrap.com/friendbook/assets/images/story/8.jpg]
[themes.pixelstrap.com/friendbook/assets/images/icon/verified.png]
[themes.pixelstrap.com/friendbook/assets/images/pages-logo/1.jpg]
[themes.pixelstrap.com/friendbook/assets/images/pages-logo/2.jpg]
[themes.pixelstrap.com/friendbook/assets/images/pages-logo/3.jpg]
[themes.pixelstrap.com/friendbook/assets/images/pages-logo/4.jpg]
[themes.pixelstrap.com/friendbook/assets/images/pages-logo/5.jpg]
[themes.pixelstrap.com/friendbook/assets/images/icon/snow-flaks.png]
[themes.pixelstrap.com/friendbook/assets/images/icon/translate.png]
[themes.pixelstrap.com/friendbook/assets/images/post/1.jpg]
[themes.pixelstrap.com/friendbook/assets/images/user-sm/4.jpg]
[themes.pixelstrap.com/friendbook/html/profile(friend).html]
[themes.pixelstrap.com/friendbook/assets/images/post/2.jpg]
[themes.pixelstrap.com/friendbook/assets/images/birthday-bg.jpg]
[themes.pixelstrap.com/friendbook/assets/images/icon/cake.png]
[themes.pixelstrap.com/friendbook/assets/images/event/1.jpg]
[themes.pixelstrap.com/friendbook/assets/images/icon/play.png]
[themes.pixelstrap.com/friendbook/assets/images/game/1.jpg]
[themes.pixelstrap.com/friendbook/assets/images/game/2.jpg]
[themes.pixelstrap.com/friendbook/assets/images/game/3.jpg]
[themes.pixelstrap.com/friendbook/assets/images/icon/user-w.png]
[themes.pixelstrap.com/friendbook/assets/images/post/3.jpg]
[themes.pixelstrap.com/friendbook/assets/images/post/4.jpg]
[themes.pixelstrap.com/friendbook/assets/images/post/5.jpg]
[themes.pixelstrap.com/friendbook/assets/images/post/6.jpg]
[themes.pixelstrap.com/friendbook/assets/images/post/15.jpg]
[themes.pixelstrap.com/friendbook/assets/images/post/16.jpg]
[themes.pixelstrap.com/friendbook/assets/images/post/17.jpg]
[themes.pixelstrap.com/friendbook/assets/images/demo/newsfeed/1.jpg]
[themes.pixelstrap.com/friendbook/assets/images/demo/newsfeed/2.jpg]
[themes.pixelstrap.com/friendbook/html/index-2.html]
[themes.pixelstrap.com/friendbook/assets/images/demo/newsfeed/3.jpg]
[themes.pixelstrap.com/friendbook/html/index-3.html]
[themes.pixelstrap.com/friendbook/assets/images/demo/newsfeed/4.jpg]
[themes.pixelstrap.com/friendbook/html/index-4.html]
[themes.pixelstrap.com/friendbook/assets/images/demo/newsfeed/5.jpg]
[themes.pixelstrap.com/friendbook/html/index-5.html]
[themes.pixelstrap.com/friendbook/assets/images/demo/newsfeed/6.jpg]
[themes.pixelstrap.com/friendbook/html/index-6.html]
[themes.pixelstrap.com/friendbook/assets/images/demo/newsfeed/7.jpg]
[themes.pixelstrap.com/friendbook/html/index-7.html]
[themes.pixelstrap.com/friendbook/assets/images/demo/newsfeed/8.jpg]
[themes.pixelstrap.com/friendbook/html/index-8.html]
[themes.pixelstrap.com/friendbook/assets/images/demo/newsfeed/9.jpg]
[themes.pixelstrap.com/friendbook/html/index-9.html]
[themes.pixelstrap.com/friendbook/assets/images/demo/newsfeed/10.jpg]
[themes.pixelstrap.com/friendbook/html/index-10.html]
[themes.pixelstrap.com/friendbook/assets/images/demo/newsfeed/11.jpg]
[themes.pixelstrap.com/friendbook/html/index-11.html]
[themes.pixelstrap.com/friendbook/assets/images/demo/newsfeed/12.jpg]
[themes.pixelstrap.com/friendbook/html/index-12.html]
[themes.pixelstrap.com/friendbook/assets/images/demo/profile/1.jpg]
[themes.pixelstrap.com/friendbook/assets/images/demo/profile/2.jpg]
[themes.pixelstrap.com/friendbook/html/profile-about.html]
[themes.pixelstrap.com/friendbook/assets/images/demo/profile/3.jpg]
[themes.pixelstrap.com/friendbook/html/profile-friends.html]
[themes.pixelstrap.com/friendbook/assets/images/demo/profile/4.jpg]
[themes.pixelstrap.com/friendbook/html/profile-gallery.html]
[themes.pixelstrap.com/friendbook/assets/images/demo/profile/5.jpg]
[themes.pixelstrap.com/friendbook/html/profile-activityfeed.html]
[themes.pixelstrap.com/friendbook/assets/images/demo/profile/6.jpg]
[themes.pixelstrap.com/friendbook/html/profile-tab.html]
[themes.pixelstrap.com/friendbook/assets/images/demo/profile/7.jpg]
[themes.pixelstrap.com/friendbook/assets/images/demo/favourite/1.jpg]
[themes.pixelstrap.com/friendbook/html/page-list.html]
[themes.pixelstrap.com/friendbook/assets/images/demo/favourite/2.jpg]
[themes.pixelstrap.com/friendbook/assets/images/demo/favourite/3.jpg]
[themes.pixelstrap.com/friendbook/html/single-about.html]
[themes.pixelstrap.com/friendbook/assets/images/demo/favourite/4.jpg]
[themes.pixelstrap.com/friendbook/html/single-reviews.html]
[themes.pixelstrap.com/friendbook/assets/images/demo/favourite/5.jpg]
[themes.pixelstrap.com/friendbook/html/single-gallery.html]
[themes.pixelstrap.com/friendbook/assets/images/demo/favourite/6.jpg]
[themes.pixelstrap.com/friendbook/html/page-tab.html]
[themes.pixelstrap.com/friendbook/assets/images/demo/other/events.jpg]
[themes.pixelstrap.com/friendbook/assets/images/demo/other/birthday.jpg]
[themes.pixelstrap.com/friendbook/assets/images/demo/other/weather.jpg]
[themes.pixelstrap.com/friendbook/assets/images/demo/other/music.jpg]
[themes.pixelstrap.com/friendbook/assets/images/demo/other/login.jpg]
[themes.pixelstrap.com/friendbook/assets/images/demo/other/register.jpg]
[themes.pixelstrap.com/friendbook/html/register.html]
[themes.pixelstrap.com/friendbook/assets/images/demo/other/help.jpg]
[themes.pixelstrap.com/friendbook/assets/images/demo/other/messanger.jpg]
[themes.pixelstrap.com/friendbook/assets/images/demo/other/setting.jpg]
[themes.pixelstrap.com/friendbook/html/help-article.html]
[themes.pixelstrap.com/friendbook/assets/images/demo/company/home.jpg]
[themes.pixelstrap.com/friendbook/html/company-home.html]
[themes.pixelstrap.com/friendbook/assets/images/demo/company/about.jpg]
[themes.pixelstrap.com/friendbook/html/about-us.html]
[themes.pixelstrap.com/friendbook/assets/images/demo/company/blog.jpg]
[themes.pixelstrap.com/friendbook/html/blog.html]
[themes.pixelstrap.com/friendbook/assets/images/demo/company/blog-details.jpg]
[themes.pixelstrap.com/friendbook/assets/images/demo/company/faq.jpg]
[themes.pixelstrap.com/friendbook/html/faq.html]
[themes.pixelstrap.com/friendbook/assets/images/demo/company/career.jpg]
[themes.pixelstrap.com/friendbook/html/career.html]
[themes.pixelstrap.com/friendbook/assets/images/demo/company/career-details.jpg]
[themes.pixelstrap.com/friendbook/html/career-details.html]
[themes.pixelstrap.com/friendbook/assets/images/demo/company/coming-soon.jpg]
[themes.pixelstrap.com/friendbook/html/coming-soon.html]
[themes.pixelstrap.com/friendbook/assets/images/demo/company/404.jpg]
[themes.pixelstrap.com/friendbook/html/404.html]
[themes.pixelstrap.com/friendbook/assets/images/demo/element/typography.jpg]
[themes.pixelstrap.com/friendbook/html/typography.html]
[themes.pixelstrap.com/friendbook/assets/images/demo/element/widget.jpg]
[themes.pixelstrap.com/friendbook/html/sidebar-widgets.html]
[themes.pixelstrap.com/friendbook/assets/images/demo/element/calendar.jpg]
[themes.pixelstrap.com/friendbook/html/element-event-calendar.html]
[themes.pixelstrap.com/friendbook/assets/images/demo/element/map.jpg]
[themes.pixelstrap.com/friendbook/html/element-map.html]
[themes.pixelstrap.com/friendbook/assets/images/demo/element/icons.jpg]
[themes.pixelstrap.com/friendbook/html/icons.html]
[themes.pixelstrap.com/friendbook/assets/images/demo/element/modal.jpg]
[themes.pixelstrap.com/friendbook/html/element-modal.html]
[themes.pixelstrap.com/friendbook/assets/images/demo/element/buttons.jpg]
[themes.pixelstrap.com/friendbook/html/element-button.html]
[themes.pixelstrap.com/friendbook/assets/js/jquery-3.6.0.min.js]
[themes.pixelstrap.com/friendbook/assets/js/popper.min.js]
[themes.pixelstrap.com/friendbook/assets/js/slick.js]
[themes.pixelstrap.com/friendbook/assets/js/custom-slick.js]
[themes.pixelstrap.com/friendbook/assets/js/counter.js]
[themes.pixelstrap.com/friendbook/assets/js/popover.js]
[themes.pixelstrap.com/friendbook/assets/js/feather.min.js]
[themes.pixelstrap.com/friendbook/assets/js/emojionearea.min.js]
[themes.pixelstrap.com/friendbook/assets/js/bootstrap.js]
[themes.pixelstrap.com/friendbook/assets/js/chatbox.js]
[themes.pixelstrap.com/friendbook/assets/js/lazysizes.min.js]
[themes.pixelstrap.com/friendbook/assets/js/theme-setting.js]
[themes.pixelstrap.com/friendbook/assets/js/script.js]
[themes.pixelstrap.com/friendbook/html/index.html]
[themes.pixelstrap.com/friendbook/assets/images/ajax-loader.gif]
[themes.pixelstrap.com/friendbook/assets/images/title.gif]
[themes.pixelstrap.com/friendbook/assets/images/smiley-bg.jpg]
[themes.pixelstrap.com/friendbook/assets/images/login/login-bg.jpg]
[themes.pixelstrap.com/friendbook/assets/css/style.css]
[cdnjs.cloudflare.com/ajax/libs/malihu-custom-scrollbar-plugin/3.1.3/jquery.mCustomScrollbar.min.css]
[themes.pixelstrap.com/friendbook/assets/images/user/2.jpg]
[themes.pixelstrap.com/friendbook/assets/images/user/3.jpg]
[themes.pixelstrap.com/friendbook/assets/images/user/1.jpg]
[themes.pixelstrap.com/friendbook/assets/images/user/4.jpg]
[themes.pixelstrap.com/friendbook/assets/images/user/5.jpg]
[themes.pixelstrap.com/friendbook/assets/images/user/6.jpg]
[themes.pixelstrap.com/friendbook/assets/images/user/7.jpg]
[themes.pixelstrap.com/friendbook/assets/images/user/8.jpg]
[themes.pixelstrap.com/friendbook/assets/images/user/9.jpg]
[themes.pixelstrap.com/friendbook/assets/images/user/10.jpg]
[themes.pixelstrap.com/friendbook/assets/images/user/11.jpg]
[themes.pixelstrap.com/friendbook/assets/images/user/12.jpg]
[themes.pixelstrap.com/friendbook/assets/images/post/11.jpg]
[themes.pixelstrap.com/friendbook/assets/js/jquery-migrate-1.4.1.min.js]
[themes.pixelstrap.com/friendbook/assets/js/jquery.mCustomScrollbar.concat.min.js]
[themes.pixelstrap.com/friendbook/assets/js/messanger.js]
[themes.pixelstrap.com/friendbook/html/messanger.html]
[themes.pixelstrap.com/friendbook/assets/images/cover/3.jpg]
[themes.pixelstrap.com/friendbook/assets/images/pages-logo/6.png]
[themes.pixelstrap.com/friendbook/assets/images/flag.jpg]
[themes.pixelstrap.com/friendbook/assets/images/post/19.jpg]
[themes.pixelstrap.com/friendbook/assets/images/user-sm/14.jpg]
[themes.pixelstrap.com/friendbook/assets/images/post/18.jpg]
[themes.pixelstrap.com/friendbook/assets/images/user-sm/10.jpg]
[themes.pixelstrap.com/friendbook/assets/images/user-sm/11.jpg]
[themes.pixelstrap.com/friendbook/assets/images/event-bg.jpg]
[themes.pixelstrap.com/friendbook/assets/images/icon/electricity.png]
[themes.pixelstrap.com/friendbook/assets/images/post/12.jpg]
[themes.pixelstrap.com/friendbook/html/single-page.html]
[themes.pixelstrap.com/friendbook/assets/images/cover/7.jpg]
[themes.pixelstrap.com/friendbook/assets/images/icon/event.png]
[themes.pixelstrap.com/friendbook/assets/images/music/1.jpg]
[themes.pixelstrap.com/friendbook/assets/images/music/2.jpg]
[themes.pixelstrap.com/friendbook/assets/images/music/3.jpg]
[themes.pixelstrap.com/friendbook/assets/images/music/4.jpg]
[themes.pixelstrap.com/friendbook/assets/images/music/5.jpg]
[themes.pixelstrap.com/friendbook/assets/images/music/6.jpg]
[themes.pixelstrap.com/friendbook/assets/images/music/7.jpg]
[themes.pixelstrap.com/friendbook/assets/js/player.js]
[themes.pixelstrap.com/friendbook/html/music.html]
[themes.pixelstrap.com/friendbook/assets/images/weather.jpg]
[themes.pixelstrap.com/friendbook/assets/images/icon/snow-flaks-blue.png]
[themes.pixelstrap.com/friendbook/html/weather.html]
[themes.pixelstrap.com/friendbook/assets/images/cover/5.jpg]
[themes.pixelstrap.com/friendbook/assets/images/event/2.jpg]
[themes.pixelstrap.com/friendbook/assets/images/event/3.jpg]
[themes.pixelstrap.com/friendbook/assets/images/icon/calender.png]
[themes.pixelstrap.com/friendbook/assets/js/fare-calender/main.js]
[themes.pixelstrap.com/friendbook/assets/js/fare-calender/main_1.js]
[themes.pixelstrap.com/friendbook/assets/js/fare-calender/calender-data.js]
[themes.pixelstrap.com/friendbook/html/event.html]
[themes.pixelstrap.com/friendbook/assets/images/cover/16.jpg]
[themes.pixelstrap.com/friendbook/assets/images/game/4.jpg]
[themes.pixelstrap.com/friendbook/assets/images/game/5.jpg]
[themes.pixelstrap.com/friendbook/assets/images/game/6.jpg]
[themes.pixelstrap.com/friendbook/assets/images/game/7.jpg]
[themes.pixelstrap.com/friendbook/assets/images/game/8.jpg]
[themes.pixelstrap.com/friendbook/assets/images/game/9.jpg]
[themes.pixelstrap.com/friendbook/assets/images/game/10.jpg]
[themes.pixelstrap.com/friendbook/assets/images/game/11.jpg]
[themes.pixelstrap.com/friendbook/assets/images/game/12.jpg]
[themes.pixelstrap.com/friendbook/assets/images/game/13.jpg]
[themes.pixelstrap.com/friendbook/assets/images/game/14.jpg]
[themes.pixelstrap.com/friendbook/assets/images/game/15.jpg]
[themes.pixelstrap.com/friendbook/assets/images/game/16.jpg]
[themes.pixelstrap.com/friendbook/assets/images/game/17.jpg]
[themes.pixelstrap.com/friendbook/assets/images/game/18.jpg]
[themes.pixelstrap.com/friendbook/assets/images/game/19.jpg]
[themes.pixelstrap.com/friendbook/assets/images/game/20.jpg]
[themes.pixelstrap.com/friendbook/assets/images/game/21.jpg]
[themes.pixelstrap.com/friendbook/assets/js/isotope.min.js]
[themes.pixelstrap.com/friendbook/assets/js/filter.js]
[themes.pixelstrap.com/friendbook/html/games.html]
[themes.pixelstrap.com/friendbook/assets/images/cover/1.jpg]
[themes.pixelstrap.com/friendbook/assets/images/story/9.jpg]
[themes.pixelstrap.com/friendbook/assets/images/story/10.jpg]
[themes.pixelstrap.com/friendbook/assets/images/story/11.jpg]
[themes.pixelstrap.com/friendbook/assets/images/post/10.jpg]
[themes.pixelstrap.com/friendbook/assets/images/post/9.jpg]
[themes.pixelstrap.com/friendbook/assets/images/post/8.jpg]
[themes.pixelstrap.com/friendbook/assets/images/post/7.jpg]
[themes.pixelstrap.com/friendbook/html/profile.html]
[themes.pixelstrap.com/friendbook/assets/images/breadcrumb.jpg]
[themes.pixelstrap.com/friendbook/assets/images/app-btns/app-store.jpg]
[themes.pixelstrap.com/friendbook/assets/images/app-btns/play-store.jpg]
[themes.pixelstrap.com/friendbook/assets/images/icon/logo-color.png]
[themes.pixelstrap.com/friendbook/assets/js/date-picker.js]
[themes.pixelstrap.com/friendbook/html/settings.html]
[themes.pixelstrap.com/friendbook/assets/images/breadcrumb/1.png]
[themes.pixelstrap.com/friendbook/assets/images/breadcrumb/2.png]
[themes.pixelstrap.com/friendbook/assets/images/breadcrumb/3.png]
[themes.pixelstrap.com/friendbook/assets/images/breadcrumb/4.png]
[themes.pixelstrap.com/friendbook/assets/images/breadcrumb/5.png]
[themes.pixelstrap.com/friendbook/assets/images/breadcrumb/6.png]
[themes.pixelstrap.com/friendbook/assets/images/breadcrumb/7.png]
[themes.pixelstrap.com/friendbook/assets/images/breadcrumb/8.png]
[themes.pixelstrap.com/friendbook/assets/images/breadcrumb/9.png]
[themes.pixelstrap.com/friendbook/html/help-support.html]
[themes.pixelstrap.com/friendbook/assets/images/login/charcter.png]
[themes.pixelstrap.com/friendbook/html/login.html]
[themes.pixelstrap.com/friendbook/assets/images/cover/6.jpg]
[themes.pixelstrap.com/friendbook/assets/images/user-sm/8.jpg]
[themes.pixelstrap.com/friendbook/assets/images/user-sm/13.jpg]
[themes.pixelstrap.com/friendbook/html/birthday.html]
[themes.pixelstrap.com/friendbook/assets/images/cover/2.jpg]
[themes.pixelstrap.com/friendbook/assets/images/story/12.jpg]
[themes.pixelstrap.com/friendbook/assets/images/story/13.jpg]
[themes.pixelstrap.com/friendbook/assets/images/post/14.jpg]
[themes.pixelstrap.com/friendbook/html/profile(friend).html]
[themes.pixelstrap.com/friendbook/assets/images/post/24.jpg]
[themes.pixelstrap.com/friendbook/assets/images/post/25.jpg]
[themes.pixelstrap.com/friendbook/assets/images/post/26.jpg]
[themes.pixelstrap.com/friendbook/assets/images/post/27.jpg]
[themes.pixelstrap.com/friendbook/html/index-2.html]
[themes.pixelstrap.com/friendbook/assets/images/logo/1.jpg]
[themes.pixelstrap.com/friendbook/assets/images/products/2.jpg]
[themes.pixelstrap.com/friendbook/assets/images/products/3.jpg]
[themes.pixelstrap.com/friendbook/assets/images/products/1.jpg]
[themes.pixelstrap.com/friendbook/html/index-3.html]
[themes.pixelstrap.com/friendbook/assets/images/post/28.jpg]
[themes.pixelstrap.com/friendbook/html/index-4.html]
[themes.pixelstrap.com/friendbook/assets/images/post/29.jpg]
[themes.pixelstrap.com/friendbook/assets/images/paris.jpg]
[themes.pixelstrap.com/friendbook/assets/js/chatbox-2.js]
[themes.pixelstrap.com/friendbook/assets/js/custom_map.js]
[themes.pixelstrap.com/friendbook/html/index-5.html]
[themes.pixelstrap.com/friendbook/html/index-6.html]
[themes.pixelstrap.com/friendbook/assets/images/post/34.jpg]
[themes.pixelstrap.com/friendbook/assets/images/post/32.jpg]
[themes.pixelstrap.com/friendbook/assets/images/post/33.jpg]
[themes.pixelstrap.com/friendbook/assets/images/post/31.jpg]
[themes.pixelstrap.com/friendbook/assets/images/post/30.jpg]
[themes.pixelstrap.com/friendbook/html/index-7.html]
[themes.pixelstrap.com/friendbook/assets/images/post/35.jpg]
[themes.pixelstrap.com/friendbook/assets/images/post/36.jpg]
[themes.pixelstrap.com/friendbook/assets/images/post/37.jpg]
[themes.pixelstrap.com/friendbook/assets/images/post/38.jpg]
[themes.pixelstrap.com/friendbook/html/index-8.html]
[themes.pixelstrap.com/friendbook/html/index-9.html]
[themes.pixelstrap.com/friendbook/assets/images/products/4.jpg]
[themes.pixelstrap.com/friendbook/assets/images/products/5.jpg]
[themes.pixelstrap.com/friendbook/assets/images/products/6.jpg]
[themes.pixelstrap.com/friendbook/html/index-10.html]
[themes.pixelstrap.com/friendbook/html/index-11.html]
[themes.pixelstrap.com/friendbook/assets/images/post/39.jpg]
[themes.pixelstrap.com/friendbook/assets/images/post/40.jpg]
[themes.pixelstrap.com/friendbook/assets/images/post/41.jpg]
[themes.pixelstrap.com/friendbook/assets/images/post/42.jpg]
[themes.pixelstrap.com/friendbook/html/index-12.html]
[themes.pixelstrap.com/friendbook/html/profile-about.html]
[themes.pixelstrap.com/friendbook/html/profile-friends.html]
[themes.pixelstrap.com/friendbook/html/profile-gallery.html]
[themes.pixelstrap.com/friendbook/html/profile-activityfeed.html]
[themes.pixelstrap.com/friendbook/html/profile-tab.html]
[themes.pixelstrap.com/friendbook/assets/images/cover/8.jpg]
[themes.pixelstrap.com/friendbook/assets/images/cover/9.jpg]
[themes.pixelstrap.com/friendbook/assets/images/cover/10.jpg]
[themes.pixelstrap.com/friendbook/assets/images/cover/11.jpg]
[themes.pixelstrap.com/friendbook/assets/images/cover/12.jpg]
[themes.pixelstrap.com/friendbook/assets/images/cover/13.jpg]
[themes.pixelstrap.com/friendbook/assets/images/cover/14.jpg]
[themes.pixelstrap.com/friendbook/assets/images/cover/15.jpg]
[themes.pixelstrap.com/friendbook/html/page-list.html]
[themes.pixelstrap.com/friendbook/html/single-about.html]
[themes.pixelstrap.com/friendbook/assets/js/apexcharts.js]
[themes.pixelstrap.com/friendbook/assets/js/custom-chart.js]
[themes.pixelstrap.com/friendbook/html/single-reviews.html]
[themes.pixelstrap.com/friendbook/html/single-gallery.html]
[themes.pixelstrap.com/friendbook/html/page-tab.html]
[themes.pixelstrap.com/friendbook/html/register.html]
[themes.pixelstrap.com/friendbook/html/help-article.html]
[themes.pixelstrap.com/friendbook/assets/images/company-landing/home-bg.jpg]
[themes.pixelstrap.com/friendbook/assets/images/company-landing/home-laptop.png]
[themes.pixelstrap.com/friendbook/assets/images/company-landing/home-effect/1.png]
[themes.pixelstrap.com/friendbook/assets/images/company-landing/home-effect/2.png]
[themes.pixelstrap.com/friendbook/assets/images/company-landing/home-effect/3.png]
[themes.pixelstrap.com/friendbook/assets/images/company-landing/icon/feature1.png]
[themes.pixelstrap.com/friendbook/assets/images/company-landing/icon/feature2.png]
[themes.pixelstrap.com/friendbook/assets/images/company-landing/icon/feature3.png]
[themes.pixelstrap.com/friendbook/assets/images/company-landing/icon/feature4.png]
[themes.pixelstrap.com/friendbook/assets/images/company-landing/icon/feature5.png]
[themes.pixelstrap.com/friendbook/assets/images/company-landing/icon/feature6.png]
[themes.pixelstrap.com/friendbook/assets/images/company-landing/logo.png]
[themes.pixelstrap.com/friendbook/assets/images/blog/7.jpg]
[themes.pixelstrap.com/friendbook/assets/images/blog/8.jpg]
[themes.pixelstrap.com/friendbook/assets/images/blog/9.jpg]
[themes.pixelstrap.com/friendbook/assets/images/blog/4.jpg]
[themes.pixelstrap.com/friendbook/assets/images/company-landing/app/mockup.png]
[themes.pixelstrap.com/friendbook/assets/images/company-landing/app/1.png]
[themes.pixelstrap.com/friendbook/assets/images/company-landing/app/2.png]
[themes.pixelstrap.com/friendbook/assets/images/icon/google-play.png]
[themes.pixelstrap.com/friendbook/assets/images/icon/app-store.png]
[themes.pixelstrap.com/friendbook/assets/js/wow.min.js]
[themes.pixelstrap.com/friendbook/html/company-home.html]
[themes.pixelstrap.com/friendbook/assets/images/about.jpg]
[themes.pixelstrap.com/friendbook/assets/images/team/1.jpg]
[themes.pixelstrap.com/friendbook/assets/images/team/2.jpg]
[themes.pixelstrap.com/friendbook/assets/images/team/3.jpg]
[themes.pixelstrap.com/friendbook/assets/images/team/4.jpg]
[themes.pixelstrap.com/friendbook/html/about-us.html]
[themes.pixelstrap.com/friendbook/assets/images/blog/5.jpg]
[themes.pixelstrap.com/friendbook/assets/images/blog/3.jpg]
[themes.pixelstrap.com/friendbook/assets/images/blog/2.jpg]
[themes.pixelstrap.com/friendbook/assets/images/blog/1.jpg]
[themes.pixelstrap.com/friendbook/assets/images/blog/6.jpg]
[themes.pixelstrap.com/friendbook/assets/js/tilt.js]
[themes.pixelstrap.com/friendbook/html/blog.html]
[themes.pixelstrap.com/friendbook/html/blog-details.html]
[themes.pixelstrap.com/friendbook/html/faq.html]
[themes.pixelstrap.com/friendbook/html/career.html]
[themes.pixelstrap.com/friendbook/assets/images/company.jpg]
[themes.pixelstrap.com/friendbook/html/career-details.html]
[themes.pixelstrap.com/friendbook/assets/js/timer.js]
[themes.pixelstrap.com/friendbook/html/coming-soon.html]
[themes.pixelstrap.com/friendbook/assets/images/404/1.png]
[themes.pixelstrap.com/friendbook/assets/images/404/2.png]
[themes.pixelstrap.com/friendbook/assets/images/404/3.png]
[themes.pixelstrap.com/friendbook/html/404.html]
[themes.pixelstrap.com/friendbook/html/typography.html]
[themes.pixelstrap.com/friendbook/html/sidebar-widgets.html]
[themes.pixelstrap.com/friendbook/html/element-event-calendar.html]
[themes.pixelstrap.com/friendbook/assets/js/custom_iframe.js]
[themes.pixelstrap.com/friendbook/html/element-map.html]
[themes.pixelstrap.com/friendbook/html/icons.html]
[themes.pixelstrap.com/friendbook/assets/images/modal-img/story.jpg]
[themes.pixelstrap.com/friendbook/assets/images/modal-img/share.jpg]
[themes.pixelstrap.com/friendbook/assets/images/modal-img/gallery.jpg]
[themes.pixelstrap.com/friendbook/assets/images/modal-img/video.jpg]
[themes.pixelstrap.com/friendbook/assets/images/modal-img/edit.jpg]
[themes.pixelstrap.com/friendbook/assets/images/modal-img/choose.jpg]
[themes.pixelstrap.com/friendbook/html/element-modal.html]
[themes.pixelstrap.com/friendbook/html/element-button.html]
[cdnjs.cloudflare.com/ajax/libs/malihu-custom-scrollbar-plugin/3.1.3/jquery.mCustomScrollbar.min.css]
[themes.pixelstrap.com/friendbook/html/www.friendbook.html]
[themes.pixelstrap.com/friendbook/html/favourite-page.html]
[themes.pixelstrap.com/friendbook/html/company-about.html]
[cdnjs.cloudflare.com/ajax/libs/malihu-custom-scrollbar-plugin/3.1.3/mCSB_buttons.png]
[themes.pixelstrap.com/friendbook/assets/css/style-1.css]
[themes.pixelstrap.com/friendbook/assets/css/style-2.css]
